<html>
<body>
<pre>
<h1>�Vision Build Log</h1>
<h2>Tool Versions:</h2>
IDE-Version: ��Vision V5.27.0.0
Copyright (C) 2018 ARM Ltd and ARM Germany GmbH. All rights reserved.
License Information: Harry Harry, SYNOXO, LIC=LSNPC-7HJ9T-IH08E-5J3FN-19VM2-VFGL8
 
Tool Versions:
Toolchain:       MDK-ARM Plus  Version: 5.27.0.0
Toolchain Path:  D:\Keil_v5\ARM\ARMCLANG\Bin
C Compiler:      ArmClang.exe V6.11
Assembler:       Armasm.exe V6.11
Linker/Locator:  ArmLink.exe V6.11
Library Manager: ArmAr.exe V6.11
Hex Converter:   FromElf.exe V6.11
CPU DLL:         SARMCM3.DLL V5.27.0.0
Dialog DLL:      DCM.DLL V1.17.2.0
Target DLL:      Segger\JL2CM3.dll V2.99.34.0
Dialog DLL:      TCM.DLL V1.36.1.0
 
<h2>Project:</h2>
J:\STM32_MCU\STM32F103\DigtalRFSignalSource\STM32F103RET6Project\MDKARM\STMF103RET6Project.uvprojx
Project File Date:  03/09/2019

<h2>Output:</h2>
*** Using Compiler 'V6.11', folder: 'D:\Keil_v5\ARM\ARMCLANG\Bin'
Build target 'STMF103RET6Project'
../Application/USART/usart_cfg.c(382): warning: illegal character encoding in string literal [-Winvalid-source-encoding]
                                USART_Printf(USARTx, "=>><BD><D3><CA>մ<AE><BF><DA>%d<B7><A2><C9><FA><B3><AC>ʱ<B4><ED><CE><F3>!<<=\r\n", (USARTx->msgIndex - 1));
                                                         ^~~~~~~~~~~~ ~~~~~~~~~~~~  ~~~~~~~~~~~~~~~~~~~~~~~~ ~~~~~~~~~~~~~~~~
../Application/USART/usart_cfg.c(405): warning: illegal character encoding in string literal [-Winvalid-source-encoding]
                                USART_Printf(USARTx, "=>><B7><A2><CB>ʹ<AE><BF><DA>%d<B7><A2><C9><FA><B3><AC>ʱ<B4><ED><CE><F3>!<<=\r\n", (USARTx->msgIndex - 1));
                                                         ^~~~~~~~~~~~ ~~~~~~~~~~~~  ~~~~~~~~~~~~~~~~~~~~~~~~ ~~~~~~~~~~~~~~~~
../Application/USART/usart_cfg.c(1008): warning: control reaches end of non-void function [-Wreturn-type]
}
^
../Application/USART/usart_cfg.c(1957): warning: illegal character encoding in string literal [-Winvalid-source-encoding]
        USART_Printf(USARTx, "=>><B4><AE><BF><DA>1<B5>ĳ<F5>ʼ<BB><AF><<=\r\n");
                                 ^~~~~~~~~~~~~~~~ ~~~~ ~~~~ ~~~~~~~~
4 warnings generated.
compiling usart_cfg.c...
linking...
Program Size: Code=40298 RO-data=1606 RW-data=332 ZI-data=9292  
FromELF: creating hex file...
"STMF103RET6Project\STMF103RET6Project.axf" - 0 Error(s), 4 Warning(s).

<h2>Software Packages used:</h2>

Package Vendor: ARM
                http://www.keil.com/pack/ARM.CMSIS.5.4.0.pack
                ARM.CMSIS.5.4.0
                CMSIS (Cortex Microcontroller Software Interface Standard)
   * Component: CORE Version: 5.1.2

Package Vendor: Keil
                http://www.keil.com/pack/Keil.STM32F1xx_DFP.2.3.0.pack
                Keil.STM32F1xx_DFP.2.3.0
                STMicroelectronics STM32F1 Series Device Support, Drivers and Examples

<h2>Collection of Component include folders:</h2>
  .\RTE\_STMF103RET6Project
  D:\Keil_v5\ARM\PACK\ARM\CMSIS\5.4.0\CMSIS\Core\Include
  D:\Keil_v5\ARM\PACK\Keil\STM32F1xx_DFP\2.3.0\Device\Include

<h2>Collection of Component Files used:</h2>

   * Component: ARM::CMSIS:CORE:5.1.2
Build Time Elapsed:  00:00:07
</pre>
</body>
</html>
